// Jest Snapshot v1, https://goo.gl/fbAQLP

exports[`<Jumbotron /> renders the <Jumbotron /> with populated data 1`] = `
<div
  class="jumbotron__Container-sc-1q7f3zs-6 dRUNoX"
>
   
  <div
    class="jumbotron__Item-sc-1q7f3zs-0 ZqqFl"
  >
    <div
      class="jumbotron__Inner-sc-1q7f3zs-1 cNHIWo"
      direction="row"
    >
      <div
        class="jumbotron__Pane-sc-1q7f3zs-2 hSDpSH"
      >
         
        <h1
          class="jumbotron__Title-sc-1q7f3zs-3 fNxeVo"
        >
           
          Enjoy on your TV.
        </h1>
        <h2
          class="jumbotron__SubTitle-sc-1q7f3zs-4 ioVLrN"
        >
           
          Watch on smart TVs, PlayStation, Xbox, Chromecast, Apple TV, Blu-ray players and more.
        </h2>
      </div>
      <div
        class="jumbotron__Pane-sc-1q7f3zs-2 hSDpSH"
      >
         
        <img
          alt="Tiger King on Netflix"
          class="jumbotron__Image-sc-1q7f3zs-5 cDbSWL"
          data-testid="1-jumbo-image"
          src="/images/misc/home-tv.jpg"
        />
      </div>
    </div>
  </div>
  <div
    class="jumbotron__Item-sc-1q7f3zs-0 ZqqFl"
  >
    <div
      class="jumbotron__Inner-sc-1q7f3zs-1 cNHIWo"
      direction="row"
    >
      <div
        class="jumbotron__Pane-sc-1q7f3zs-2 hSDpSH"
      >
         
        <h1
          class="jumbotron__Title-sc-1q7f3zs-3 fNxeVo"
        >
           
          Download your programmes to watch on the go.
        </h1>
        <h2
          class="jumbotron__SubTitle-sc-1q7f3zs-4 ioVLrN"
        >
           
          Save your data and watch all your favourites offline.
        </h2>
      </div>
      <div
        class="jumbotron__Pane-sc-1q7f3zs-2 hSDpSH"
      >
         
        <img
          alt="Watch on mobile"
          class="jumbotron__Image-sc-1q7f3zs-5 cDbSWL"
          data-testid="2-jumbo-image"
          src="/images/misc/home-mobile.jpg"
        />
      </div>
    </div>
  </div>
  <div
    class="jumbotron__Item-sc-1q7f3zs-0 ZqqFl"
  >
    <div
      class="jumbotron__Inner-sc-1q7f3zs-1 cNHIWo"
      direction="row"
    >
      <div
        class="jumbotron__Pane-sc-1q7f3zs-2 hSDpSH"
      >
         
        <h1
          class="jumbotron__Title-sc-1q7f3zs-3 fNxeVo"
        >
           
          Watch everywhere.
        </h1>
        <h2
          class="jumbotron__SubTitle-sc-1q7f3zs-4 ioVLrN"
        >
           
          Stream unlimited films and TV programmes on your phone, tablet, laptop and TV without paying more.
        </h2>
      </div>
      <div
        class="jumbotron__Pane-sc-1q7f3zs-2 hSDpSH"
      >
         
        <img
          alt="Money Heist on Netflix"
          class="jumbotron__Image-sc-1q7f3zs-5 cDbSWL"
          data-testid="3-jumbo-image"
          src="/images/misc/home-imac.jpg"
        />
      </div>
    </div>
  </div>
</div>
`;
